<_TtGC7SwiftUI14_UIHostingViewGVS_6HStackGVS_9TupleViewTGVS_15ModifiedContentGS3_V14VitaminSwiftUI13VitaminButtonGVS_19_BackgroundModifierGVS_14GeometryReaderGS3_VS_5ColorGVS_26_PreferenceWritingModifierV21ShowcaseSnapshotTests21ReadSizePreferenceKey_____GVS_25_PreferenceActionModifierS11___GS3_GS3_S5_GS6_GS7_GS3_S8_GS9_S11______GS12_S11_______; frame = (0 0; 390 844); autoresize = W+H; gestureRecognizers = <NSArray>; backgroundColor = <UIDynamicSystemColor; name = systemBackgroundColor>; layer = <CALayer>>
   | <_TtC7SwiftUIP33_A34643117F00277B93DEBAB70EC0697122_UIShapeHitTestingView; frame = (73 406; 188 52); anchorPoint = (0, 0); autoresizesSubviews = NO; backgroundColor = UIExtendedSRGBColorSpace 0.905882 0.952941 0.976471 1; layer = <CALayer>>
   | <SwiftUI._UIGraphicsView; frame = (93 422; 20 20); anchorPoint = (0, 0); autoresizesSubviews = NO; layer = <SwiftUI.ImageLayer>>
   | <_TtCOCV7SwiftUI11DisplayList11ViewUpdater8Platform13CGDrawingView; frame = (123 422.667; 118 19); anchorPoint = (0, 0); opaque = NO; autoresizesSubviews = NO; layer = <_TtCOCV7SwiftUI11DisplayList11ViewUpdater8PlatformP33_65A81BD07F0108B0485D2E15DE104A7514CGDrawingLayer>>
   | <_TtC7SwiftUIP33_A34643117F00277B93DEBAB70EC0697122_UIShapeHitTestingView; frame = (269 408; 48 48); anchorPoint = (0, 0); autoresizesSubviews = NO; backgroundColor = UIExtendedSRGBColorSpace 0.905882 0.952941 0.976471 1; layer = <CALayer>>
   | <SwiftUI._UIGraphicsView; frame = (281 420; 24 24); anchorPoint = (0, 0); autoresizesSubviews = NO; layer = <SwiftUI.ImageLayer>>